 libzvc125

 Timestamp is 5487298e (Wed Dec 10 00:55:42 2014)

 Preferred load address is 10000000

 Start         Length     Name                   Class
 0001:00000000 0000e9abH .text                   CODE
 0002:00000000 000000f8H .idata$5                DATA
 0002:000000f8 00000004H .CRT$XCA                DATA
 0002:000000fc 00000004H .CRT$XCZ                DATA
 0002:00000100 00000004H .CRT$XIA                DATA
 0002:00000104 00000004H .CRT$XIAA               DATA
 0002:00000108 00000004H .CRT$XIZ                DATA
 0002:00000110 00004210H .rdata                  DATA
 0002:00004320 00000004H .rdata$sxdata           DATA
 0002:00004324 00000004H .rtc$IAA                DATA
 0002:00004328 00000004H .rtc$IZZ                DATA
 0002:0000432c 00000004H .rtc$TAA                DATA
 0002:00004330 00000004H .rtc$TZZ                DATA
 0002:00004338 00000064H .xdata$x                DATA
 0002:0000439c 00000028H .idata$2                DATA
 0002:000043c4 00000014H .idata$3                DATA
 0002:000043d8 000000f8H .idata$4                DATA
 0002:000044d0 000003a0H .idata$6                DATA
 0002:00004870 00000b9eH .edata                  DATA
 0003:00000000 00000060H .data                   DATA
 0003:00000060 0000034cH .bss                    DATA
 0004:00000000 00000058H .rsrc$01                DATA
 0004:00000060 00000330H .rsrc$02                DATA

  Address         Publics by Value              Rva+Base       Lib:Object

 0000:00000001       ___safe_se_handler_count   00000001     <absolute>
 0000:00000000       ___ImageBase               10000000     <linker-defined>
 0001:00000000       _adler32@12                10001000 f   adler32.obj
 0001:00000310       _adler32_combine@12        10001310 f   adler32.obj
 0001:00000330       _compress2@20              10001330 f   compress.obj
 0001:000003e0       _compress@16               100013e0 f   compress.obj
 0001:00000400       _compressBound@4           10001400 f   compress.obj
 0001:00000420       _get_crc_table@0           10001420 f   crc32.obj
 0001:00000430       _crc32@12                  10001430 f   crc32.obj
 0001:00000820       _crc32_combine@12          10001820 f   crc32.obj
 0001:00000840       _deflateInit_@16           10001840 f   deflate.obj
 0001:00000870       _deflateInit2_@32          10001870 f   deflate.obj
 0001:00000ab0       _deflateSetDictionary@12   10001ab0 f   deflate.obj
 0001:00000bb0       _deflateReset@4            10001bb0 f   deflate.obj
 0001:00000c50       _deflateSetHeader@8        10001c50 f   deflate.obj
 0001:00000c80       _deflatePrime@12           10001c80 f   deflate.obj
 0001:00000cd0       _deflateParams@12          10001cd0 f   deflate.obj
 0001:00000dd0       _deflateTune@20            10001dd0 f   deflate.obj
 0001:00000e20       _deflateBound@8            10001e20 f   deflate.obj
 0001:00000f80       _deflate@8                 10001f80 f   deflate.obj
 0001:000017d0       _deflateEnd@4              100027d0 f   deflate.obj
 0001:000018b0       _deflateCopy@8             100028b0 f   deflate.obj
 0001:00002980       _gzclose@4                 10003980 f   gzclose.obj
 0001:00002c10       _gzopen@8                  10003c10 f   gzlib.obj
 0001:00002c30       _gzdopen@8                 10003c30 f   gzlib.obj
 0001:00002c90       _gzbuffer@8                10003c90 f   gzlib.obj
 0001:00002cd0       _gzrewind@4                10003cd0 f   gzlib.obj
 0001:00002d20       _gzseek64@12               10003d20 f   gzlib.obj
 0001:00002e10       _gzseek@12                 10003e10 f   gzlib.obj
 0001:00002e30       _gztell64@4                10003e30 f   gzlib.obj
 0001:00002e70       _gztell@4                  10003e70 f   gzlib.obj
 0001:00002e80       _gzoffset64@4              10003e80 f   gzlib.obj
 0001:00002ec0       _gzoffset@4                10003ec0 f   gzlib.obj
 0001:00002ee0       _gzeof@4                   10003ee0 f   gzlib.obj
 0001:00002f20       _gzerror@8                 10003f20 f   gzlib.obj
 0001:00002f60       _gzclearerr@4              10003f60 f   gzlib.obj
 0001:00002fb0       _gz_error                  10003fb0 f   gzlib.obj
 0001:000038f0       _gzread@12                 100048f0 f   gzread.obj
 0001:00003a40       _gzgetc@4                  10004a40 f   gzread.obj
 0001:00003aa0       _gzungetc@8                10004aa0 f   gzread.obj
 0001:00003b80       _gzgets@12                 10004b80 f   gzread.obj
 0001:00003c80       _gzdirect@4                10004c80 f   gzread.obj
 0001:00003cc0       _gzclose_r@4               10004cc0 f   gzread.obj
 0001:00003f90       _gzwrite@12                10004f90 f   gzwrite.obj
 0001:000040a0       _gzputc@8                  100050a0 f   gzwrite.obj
 0001:00004130       _gzputs@8                  10005130 f   gzwrite.obj
 0001:00004170       _gzprintf                  10005170 f   gzwrite.obj
 0001:00004230       _gzflush@8                 10005230 f   gzwrite.obj
 0001:000042b0       _gzsetparams@12            100052b0 f   gzwrite.obj
 0001:00004350       _gzclose_w@4               10005350 f   gzwrite.obj
 0001:000043f0       _inflateBackInit_@20       100053f0 f   infback.obj
 0001:000044e0       _inflateBack@20            100054e0 f   infback.obj
 0001:00005260       _inflateBackEnd@4          10006260 f   infback.obj
 0001:000052a0       _inflate_fast              100062a0 f   inffast.obj
 0001:000056b0       _inflateReset@4            100066b0 f   inflate.obj
 0001:00005730       _inflateReset2@8           10006730 f   inflate.obj
 0001:000057c0       _inflateInit2_@16          100067c0 f   inflate.obj
 0001:00005880       _inflateInit_@12           10006880 f   inflate.obj
 0001:000058a0       _inflatePrime@12           100068a0 f   inflate.obj
 0001:00005a30       _inflate@8                 10006a30 f   inflate.obj
 0001:00006f60       _inflateEnd@4              10007f60 f   inflate.obj
 0001:00006fc0       _inflateSetDictionary@12   10007fc0 f   inflate.obj
 0001:000070b0       _inflateGetHeader@8        100080b0 f   inflate.obj
 0001:00007150       _inflateSync@4             10008150 f   inflate.obj
 0001:00007240       _inflateSyncPoint@4        10008240 f   inflate.obj
 0001:00007280       _inflateCopy@8             10008280 f   inflate.obj
 0001:000073e0       _inflateUndermine@8        100083e0 f   inflate.obj
 0001:00007410       _inflateMark@4             10008410 f   inflate.obj
 0001:00007480       _inflate_table             10008480 f   inftrees.obj
 0001:000078b0       _call_zopen64              100088b0 f   ioapi.obj
 0001:000078d0       _call_zseek64              100088d0 f   ioapi.obj
 0001:00007930       _call_ztell64              10008930 f   ioapi.obj
 0001:00007960       _fill_zlib_filefunc64_32_def_from_filefunc32 10008960 f   ioapi.obj
 0001:00007ae0       _fill_fopen64_filefunc     10008ae0 f   ioapi.obj
 0001:00007bd0       _win32_open64_file_funcW   10008bd0 f   iowin32.obj
 0001:00007c30       _win32_open64_file_func    10008c30 f   iowin32.obj
 0001:00007c30       _win32_open64_file_funcA   10008c30 f   iowin32.obj
 0001:00007c30       _win32_open_file_func      10008c30 f   iowin32.obj
 0001:00007c90       _win32_read_file_func      10008c90 f   iowin32.obj
 0001:00007ce0       _win32_write_file_func     10008ce0 f   iowin32.obj
 0001:00007d30       _win32_tell_file_func      10008d30 f   iowin32.obj
 0001:00007d70       _win32_tell64_file_func    10008d70 f   iowin32.obj
 0001:00007de0       _win32_seek_file_func      10008de0 f   iowin32.obj
 0001:00007e40       _win32_seek64_file_func    10008e40 f   iowin32.obj
 0001:00007ea0       _win32_close_file_func     10008ea0 f   iowin32.obj
 0001:00007ed0       _win32_error_file_func     10008ed0 f   iowin32.obj
 0001:00007ef0       _fill_win32_filefunc       10008ef0 f   iowin32.obj
 0001:00007f30       _fill_win32_filefunc64A    10008f30 f   iowin32.obj
 0001:00007f30       _fill_win32_filefunc64     10008f30 f   iowin32.obj
 0001:00007f70       _fill_win32_filefunc64W    10008f70 f   iowin32.obj
 0001:00007fb0       __tr_init                  10008fb0 f   trees.obj
 0001:00008f50       __tr_stored_block          10009f50 f   trees.obj
 0001:00008fe0       __tr_align                 10009fe0 f   trees.obj
 0001:000091d0       __tr_flush_block           1000a1d0 f   trees.obj
 0001:000099e0       _uncompress@16             1000a9e0 f   uncompr.obj
 0001:00009d10       _unzStringFileNameCompare@12 1000ad10 f   unzip.obj
 0001:0000a400       _unzOpen2@8                1000b400 f   unzip.obj
 0001:0000a450       _unzOpen2_64@8             1000b450 f   unzip.obj
 0001:0000a4b0       _unzOpen@4                 1000b4b0 f   unzip.obj
 0001:0000a4d0       _unzOpen64@4               1000b4d0 f   unzip.obj
 0001:0000a4f0       _unzClose@4                1000b4f0 f   unzip.obj
 0001:0000a530       _unzGetGlobalInfo64@8      1000b530 f   unzip.obj
 0001:0000a570       _unzGetGlobalInfo@8        1000b570 f   unzip.obj
 0001:0000ab60       _unzGetCurrentFileInfo64@32 1000bb60 f   unzip.obj
 0001:0000ab90       _unzGetCurrentFileInfo@32  1000bb90 f   unzip.obj
 0001:0000ac60       _unzGoToFirstFile@4        1000bc60 f   unzip.obj
 0001:0000acd0       _unzGoToNextFile@4         1000bcd0 f   unzip.obj
 0001:0000ad80       _unzLocateFile@12          1000bd80 f   unzip.obj
 0001:0000aec0       _unzGetFilePos64@8         1000bec0 f   unzip.obj
 0001:0000af10       _unzGetFilePos@8           1000bf10 f   unzip.obj
 0001:0000af40       _unzGoToFilePos64@8        1000bf40 f   unzip.obj
 0001:0000afb0       _unzGoToFilePos@8          1000bfb0 f   unzip.obj
 0001:0000b230       _unzOpenCurrentFile3@20    1000c230 f   unzip.obj
 0001:0000b470       _unzOpenCurrentFile@4      1000c470 f   unzip.obj
 0001:0000b490       _unzOpenCurrentFilePassword@8 1000c490 f   unzip.obj
 0001:0000b4b0       _unzOpenCurrentFile2@16    1000c4b0 f   unzip.obj
 0001:0000b4d0       _unzGetCurrentFileZStreamPos64@4 1000c4d0 f   unzip.obj
 0001:0000b510       _unzReadCurrentFile@12     1000c510 f   unzip.obj
 0001:0000b7b0       _unztell@4                 1000c7b0 f   unzip.obj
 0001:0000b7e0       _unztell64@4               1000c7e0 f   unzip.obj
 0001:0000b810       _unzeof@4                  1000c810 f   unzip.obj
 0001:0000b850       _unzGetLocalExtrafield@12  1000c850 f   unzip.obj
 0001:0000b910       _unzCloseCurrentFile@4     1000c910 f   unzip.obj
 0001:0000b9c0       _unzGetGlobalComment@12    1000c9c0 f   unzip.obj
 0001:0000c4f0       _LoadCentralDirectoryRecord 1000d4f0 f   zip.obj
 0001:0000c990       _zipOpen3@16               1000d990 f   zip.obj
 0001:0000cb00       _zipOpen2@16               1000db00 f   zip.obj
 0001:0000cb50       _zipOpen2_64@16            1000db50 f   zip.obj
 0001:0000cbb0       _zipOpen@8                 1000dbb0 f   zip.obj
 0001:0000cbb0       _zipOpen64@8               1000dbb0 f   zip.obj
 0001:0000cbd0       _Write_LocalFileHeader     1000dbd0 f   zip.obj
 0001:0000cdf0       _zipOpenNewFileInZip4_64@76 1000ddf0 f   zip.obj
 0001:0000d2c0       _zipOpenNewFileInZip3@64   1000e2c0 f   zip.obj
 0001:0000d320       _zipOpenNewFileInZip3_64@68 1000e320 f   zip.obj
 0001:0000d380       _zipOpenNewFileInZip2@44   1000e380 f   zip.obj
 0001:0000d3d0       _zipOpenNewFileInZip2_64@48 1000e3d0 f   zip.obj
 0001:0000d420       _zipOpenNewFileInZip64@44  1000e420 f   zip.obj
 0001:0000d470       _zipOpenNewFileInZip@40    1000e470 f   zip.obj
 0001:0000d580       _zipWriteInFileInZip@12    1000e580 f   zip.obj
 0001:0000d680       _zipCloseFileInZipRaw@12   1000e680 f   zip.obj
 0001:0000d6a0       _zipCloseFileInZipRaw64@16 1000e6a0 f   zip.obj
 0001:0000db90       _zipCloseFileInZip@4       1000eb90 f   zip.obj
 0001:0000dbb0       _Write_Zip64EndOfCentralDirectoryLocator 1000ebb0 f   zip.obj
 0001:0000dc30       _Write_Zip64EndOfCentralDirectoryRecord 1000ec30 f   zip.obj
 0001:0000dd50       _Write_EndOfCentralDirectoryRecord 1000ed50 f   zip.obj
 0001:0000de90       _Write_GlobalComment       1000ee90 f   zip.obj
 0001:0000df00       _zipClose@8                1000ef00 f   zip.obj
 0001:0000e070       _zlibVersion@0             1000f070 f   zutil.obj
 0001:0000e080       _zlibCompileFlags@0        1000f080 f   zutil.obj
 0001:0000e090       _zError@4                  1000f090 f   zutil.obj
 0001:0000e0b0       _zcalloc                   1000f0b0 f   zutil.obj
 0001:0000e0d0       _zcfree                    1000f0d0 f   zutil.obj
 0001:0000e130       __CRT_INIT@12              1000f130 f   MSVCRT:crtdll.obj
 0001:0000e450       __DllMainCRTStartup@12     1000f450 f   MSVCRT:crtdll.obj
 0001:0000e473       ___clean_type_info_names   1000f473 f   MSVCRT:tncleanup.obj
 0001:0000e47f       __onexit                   1000f47f f   MSVCRT:atonexit.obj
 0001:0000e520       _atexit                    1000f520 f   MSVCRT:atonexit.obj
 0001:0000e537       __RTC_Initialize           1000f537 f   MSVCRT:_initsect_.obj
 0001:0000e55d       __RTC_Terminate            1000f55d f   MSVCRT:_initsect_.obj
 0001:0000e590       __ValidateImageBase        1000f590 f   MSVCRT:pesect.obj
 0001:0000e5d0       __FindPESection            1000f5d0 f   MSVCRT:pesect.obj
 0001:0000e620       __IsNonwritableInCurrentImage 1000f620 f   MSVCRT:pesect.obj
 0001:0000e6dc       __initterm                 1000f6dc f   MSVCRT:MSVCR100.dll
 0001:0000e6e2       __initterm_e               1000f6e2 f   MSVCRT:MSVCR100.dll
 0001:0000e6e8       __amsg_exit                1000f6e8 f   MSVCRT:MSVCR100.dll
 0001:0000e6ee       ___CppXcptFilter           1000f6ee f   MSVCRT:MSVCR100.dll
 0001:0000e6f4       _DllMain@12                1000f6f4 f   MSVCRT:dllmain.obj
 0001:0000e720       __SEH_prolog4              1000f720 f   MSVCRT:sehprolg4.obj
 0001:0000e765       __SEH_epilog4              1000f765 f   MSVCRT:sehprolg4.obj
 0001:0000e779       __except_handler4          1000f779 f   MSVCRT:chandler4gs.obj
 0001:0000e79e       ___security_init_cookie    1000f79e f   MSVCRT:gs_support.obj
 0001:0000e83a       ___clean_type_info_names_internal 1000f83a f   MSVCRT:MSVCR100.dll
 0001:0000e840       __unlock                   1000f840 f   MSVCRT:MSVCR100.dll
 0001:0000e846       ___dllonexit               1000f846 f   MSVCRT:MSVCR100.dll
 0001:0000e84c       __lock                     1000f84c f   MSVCRT:MSVCR100.dll
 0001:0000e852       @__security_check_cookie@4 1000f852 f   MSVCRT:secchk.obj
 0001:0000e862       __except_handler4_common   1000f862 f   MSVCRT:MSVCR100.dll
 0001:0000e868       ___report_gsfailure        1000f868 f   MSVCRT:gs_report.obj
 0001:0000e96e       __crt_debugger_hook        1000f96e f   MSVCRT:MSVCR100.dll
 0001:0000e974       _memset                    1000f974 f   MSVCRT:MSVCR100.dll
 0001:0000e97a       _memcpy                    1000f97a f   MSVCRT:MSVCR100.dll
 0001:0000e980       __chkstk                   1000f980 f   MSVCRT:chkstk.obj
 0001:0000e980       __alloca_probe             1000f980     MSVCRT:chkstk.obj
 0002:00000000       __imp__CreateFileA@28      10010000     kernel32:KERNEL32.dll
 0002:00000004       __imp__SetFilePointer@16   10010004     kernel32:KERNEL32.dll
 0002:00000008       __imp__WriteFile@20        10010008     kernel32:KERNEL32.dll
 0002:0000000c       __imp__ReadFile@20         1001000c     kernel32:KERNEL32.dll
 0002:00000010       __imp__CreateFileW@28      10010010     kernel32:KERNEL32.dll
 0002:00000014       __imp__GetLastError@0      10010014     kernel32:KERNEL32.dll
 0002:00000018       __imp__CloseHandle@4       10010018     kernel32:KERNEL32.dll
 0002:0000001c       __imp__SetUnhandledExceptionFilter@4 1001001c     kernel32:KERNEL32.dll
 0002:00000020       __imp__UnhandledExceptionFilter@4 10010020     kernel32:KERNEL32.dll
 0002:00000024       __imp__GetCurrentProcess@0 10010024     kernel32:KERNEL32.dll
 0002:00000028       __imp__TerminateProcess@8  10010028     kernel32:KERNEL32.dll
 0002:0000002c       __imp__GetSystemTimeAsFileTime@4 1001002c     kernel32:KERNEL32.dll
 0002:00000030       __imp__GetCurrentProcessId@0 10010030     kernel32:KERNEL32.dll
 0002:00000034       __imp__GetCurrentThreadId@0 10010034     kernel32:KERNEL32.dll
 0002:00000038       __imp__GetTickCount@0      10010038     kernel32:KERNEL32.dll
 0002:0000003c       __imp__QueryPerformanceCounter@4 1001003c     kernel32:KERNEL32.dll
 0002:00000040       __imp__DisableThreadLibraryCalls@4 10010040     kernel32:KERNEL32.dll
 0002:00000044       __imp__InterlockedCompareExchange@12 10010044     kernel32:KERNEL32.dll
 0002:00000048       __imp__Sleep@4             10010048     kernel32:KERNEL32.dll
 0002:0000004c       __imp__InterlockedExchange@8 1001004c     kernel32:KERNEL32.dll
 0002:00000050       __imp__DecodePointer@4     10010050     kernel32:KERNEL32.dll
 0002:00000054       __imp__EncodePointer@4     10010054     kernel32:KERNEL32.dll
 0002:00000058       __imp__IsDebuggerPresent@0 10010058     kernel32:KERNEL32.dll
 0002:0000005c       \177KERNEL32_NULL_THUNK_DATA 1001005c     kernel32:KERNEL32.dll
 0002:00000060       __imp__rand                10010060     MSVCRT:MSVCR100.dll
 0002:00000064       __imp__srand               10010064     MSVCRT:MSVCR100.dll
 0002:00000068       __imp___time64             10010068     MSVCRT:MSVCR100.dll
 0002:0000006c       __imp___malloc_crt         1001006c     MSVCRT:MSVCR100.dll
 0002:00000070       __imp__fclose              10010070     MSVCRT:MSVCR100.dll
 0002:00000074       __imp___initterm           10010074     MSVCRT:MSVCR100.dll
 0002:00000078       __imp___initterm_e         10010078     MSVCRT:MSVCR100.dll
 0002:0000007c       __imp___amsg_exit          1001007c     MSVCRT:MSVCR100.dll
 0002:00000080       __imp____CppXcptFilter     10010080     MSVCRT:MSVCR100.dll
 0002:00000084       __imp____clean_type_info_names_internal 10010084     MSVCRT:MSVCR100.dll
 0002:00000088       __imp___unlock             10010088     MSVCRT:MSVCR100.dll
 0002:0000008c       __imp____dllonexit         1001008c     MSVCRT:MSVCR100.dll
 0002:00000090       __imp___lock               10010090     MSVCRT:MSVCR100.dll
 0002:00000094       __imp___onexit             10010094     MSVCRT:MSVCR100.dll
 0002:00000098       __imp___except_handler4_common 10010098     MSVCRT:MSVCR100.dll
 0002:0000009c       __imp___crt_debugger_hook  1001009c     MSVCRT:MSVCR100.dll
 0002:000000a0       __imp__fwrite              100100a0     MSVCRT:MSVCR100.dll
 0002:000000a4       __imp__ferror              100100a4     MSVCRT:MSVCR100.dll
 0002:000000a8       __imp__fread               100100a8     MSVCRT:MSVCR100.dll
 0002:000000ac       __imp__fopen               100100ac     MSVCRT:MSVCR100.dll
 0002:000000b0       __imp___fseeki64           100100b0     MSVCRT:MSVCR100.dll
 0002:000000b4       __imp___ftelli64           100100b4     MSVCRT:MSVCR100.dll
 0002:000000b8       __imp___vsnprintf          100100b8     MSVCRT:MSVCR100.dll
 0002:000000bc       __imp___errno              100100bc     MSVCRT:MSVCR100.dll
 0002:000000c0       __imp__memchr              100100c0     MSVCRT:MSVCR100.dll
 0002:000000c4       __imp__strerror            100100c4     MSVCRT:MSVCR100.dll
 0002:000000c8       __imp__malloc              100100c8     MSVCRT:MSVCR100.dll
 0002:000000cc       __imp__free                100100cc     MSVCRT:MSVCR100.dll
 0002:000000d0       __imp__sprintf             100100d0     MSVCRT:MSVCR100.dll
 0002:000000d4       __imp___encoded_null       100100d4     MSVCRT:MSVCR100.dll
 0002:000000d8       __imp__open                100100d8     MSVCRT:MSVCR100.dll
 0002:000000d8       __imp___open               100100d8     MSVCRT:MSVCR100.dll
 0002:000000dc       __imp___lseek              100100dc     MSVCRT:MSVCR100.dll
 0002:000000dc       __imp__lseek               100100dc     MSVCRT:MSVCR100.dll
 0002:000000e0       __imp__read                100100e0     MSVCRT:MSVCR100.dll
 0002:000000e0       __imp___read               100100e0     MSVCRT:MSVCR100.dll
 0002:000000e4       __imp___close              100100e4     MSVCRT:MSVCR100.dll
 0002:000000e4       __imp__close               100100e4     MSVCRT:MSVCR100.dll
 0002:000000e8       __imp__write               100100e8     MSVCRT:MSVCR100.dll
 0002:000000e8       __imp___write              100100e8     MSVCRT:MSVCR100.dll
 0002:000000ec       __imp__memset              100100ec     MSVCRT:MSVCR100.dll
 0002:000000f0       __imp__memcpy              100100f0     MSVCRT:MSVCR100.dll
 0002:000000f4       \177MSVCR100_NULL_THUNK_DATA 100100f4     MSVCRT:MSVCR100.dll
 0002:000000f8       ___xc_a                    100100f8     MSVCRT:cinitexe.obj
 0002:000000fc       ___xc_z                    100100fc     MSVCRT:cinitexe.obj
 0002:00000100       ___xi_a                    10010100     MSVCRT:cinitexe.obj
 0002:00000108       ___xi_z                    10010108     MSVCRT:cinitexe.obj
 0002:00000110       __pRawDllMain              10010110     MSVCRT:crtdll.obj
 0002:00000110       __pDefaultRawDllMain       10010110     MSVCRT:crtdll.obj
 0002:0000011c       ??_C@_05DFCKICEH@1?42?45?$AA@ 1001011c     compress.obj
 0002:00000128       _z_errmsg                  10010128     zutil.obj
 0002:00000150       _zip_copyright             10010150     zip.obj
 0002:000001a0       _unz_copyright             100101a0     unzip.obj
 0002:00000840       __dist_code                10010840     trees.obj
 0002:00000a40       __length_code              10010a40     trees.obj
 0002:00000c30       _inflate_copyright         10010c30     inftrees.obj
 0002:00001eb0       _deflate_copyright         10011eb0     deflate.obj
 0002:00003f78       ??_C@_07EBNKNFJN@?$DMfd?3?$CFd?$DO?$AA@ 10013f78     gzlib.obj
 0002:00003f80       ??_C@_00CNPNBAHC@?$AA@     10013f80     gzlib.obj
 0002:00003f84       ??_C@_0O@BNNCBLEN@out?5of?5memory?$AA@ 10013f84     gzlib.obj
 0002:00003f94       ??_C@_02LMMGGCAJ@?3?5?$AA@ 10013f94     gzlib.obj
 0002:00003f98       ??_C@_0BL@IHKGDAEE@unknown?5compression?5method?$AA@ 10013f98     gzread.obj
 0002:00003fb4       ??_C@_0BJ@BLBBCOMO@unknown?5header?5flags?5set?$AA@ 10013fb4     gzread.obj
 0002:00003fd0       ??_C@_0BH@CFIIDOJD@unexpected?5end?5of?5file?$AA@ 10013fd0     gzread.obj
 0002:00003fe8       ??_C@_0CH@CPOLIEKA@internal?5error?3?5inflate?5stream?5c@ 10013fe8     gzread.obj
 0002:00004010       ??_C@_0BG@HCKBMIHF@compressed?5data?5error?$AA@ 10014010     gzread.obj
 0002:00004028       ??_C@_0BF@MEIGEHBE@incorrect?5data?5check?$AA@ 10014028     gzread.obj
 0002:00004040       ??_C@_0BH@FGKKJGOC@incorrect?5length?5check?$AA@ 10014040     gzread.obj
 0002:00004058       ??_C@_0CF@MLPJFDMM@requested?5length?5does?5not?5fit?5in@ 10014058     gzread.obj
 0002:00004080       ??_C@_0BP@IIKIGMCC@out?5of?5room?5to?5push?5characters?$AA@ 10014080     gzread.obj
 0002:000040a0       ??_C@_0CH@DEEGAHIB@internal?5error?3?5deflate?5stream?5c@ 100140a0     gzwrite.obj
 0002:000040c8       ??_C@_0BD@PJCBIDD@invalid?5block?5type?$AA@ 100140c8     infback.obj
 0002:000040dc       ??_C@_0BN@LGAADGOK@invalid?5stored?5block?5lengths?$AA@ 100140dc     infback.obj
 0002:000040fc       ??_C@_0CE@GMIGFPBB@too?5many?5length?5or?5distance?5symb@ 100140fc     infback.obj
 0002:00004120       ??_C@_0BJ@HDEPPGOH@invalid?5code?5lengths?5set?$AA@ 10014120     infback.obj
 0002:0000413c       ??_C@_0BK@BMMPFBBH@invalid?5bit?5length?5repeat?$AA@ 1001413c     infback.obj
 0002:00004158       ??_C@_0CF@DGDMADCD@invalid?5code?5?9?9?5missing?5end?9of?9b@ 10014158     infback.obj
 0002:00004180       ??_C@_0BM@IIMGAINC@invalid?5literal?1lengths?5set?$AA@ 10014180     infback.obj
 0002:0000419c       ??_C@_0BG@GMDFCBGP@invalid?5distances?5set?$AA@ 1001419c     infback.obj
 0002:000041b4       ??_C@_0BM@FFFLPBBC@invalid?5literal?1length?5code?$AA@ 100141b4     infback.obj
 0002:000041d0       ??_C@_0BG@LBKINIKP@invalid?5distance?5code?$AA@ 100141d0     infback.obj
 0002:000041e8       ??_C@_0BO@ECPMAOGG@invalid?5distance?5too?5far?5back?$AA@ 100141e8     infback.obj
 0002:00004208       ??_C@_0BH@LIBMMIGA@incorrect?5header?5check?$AA@ 10014208     inflate.obj
 0002:00004220       ??_C@_0BE@EMOGCLGO@invalid?5window?5size?$AA@ 10014220     inflate.obj
 0002:00004234       ??_C@_0BE@GONKLEPM@header?5crc?5mismatch?$AA@ 10014234     inflate.obj
 0002:00004248       ??_C@_02JDPG@rb?$AA@       10014248     ioapi.obj
 0002:0000424c       ??_C@_03HMFOOINA@r?$CLb?$AA@ 1001424c     ioapi.obj
 0002:00004250       ??_C@_02GMLFBBN@wb?$AA@    10014250     ioapi.obj
 0002:00004254       ??_C@_01JOAMLHOP@?9?$AA@   10014254     zip.obj
 0002:00004258       ??_C@_0BF@CJFPCCEG@incompatible?5version?$AA@ 10014258     zutil.obj
 0002:00004270       ??_C@_0N@DFPGLBGC@buffer?5error?$AA@ 10014270     zutil.obj
 0002:00004280       ??_C@_0BE@OGGJBMCE@insufficient?5memory?$AA@ 10014280     zutil.obj
 0002:00004294       ??_C@_0L@HAHMBNLP@data?5error?$AA@ 10014294     zutil.obj
 0002:000042a0       ??_C@_0N@MKKNPMJD@stream?5error?$AA@ 100142a0     zutil.obj
 0002:000042b0       ??_C@_0L@KIJFAKBJ@file?5error?$AA@ 100142b0     zutil.obj
 0002:000042bc       ??_C@_0L@FNAOCBOG@stream?5end?$AA@ 100142bc     zutil.obj
 0002:000042c8       ??_C@_0BA@MOKMMFOD@need?5dictionary?$AA@ 100142c8     zutil.obj
 0002:000042d8       __load_config_used         100142d8     MSVCRT:loadcfg.obj
 0002:00004320       ___safe_se_handler_table   10014320     <linker-defined>
 0002:00004324       ___rtc_iaa                 10014324     MSVCRT:_initsect_.obj
 0002:00004328       ___rtc_izz                 10014328     MSVCRT:_initsect_.obj
 0002:0000432c       ___rtc_taa                 1001432c     MSVCRT:_initsect_.obj
 0002:00004330       ___rtc_tzz                 10014330     MSVCRT:_initsect_.obj
 0002:0000439c       __IMPORT_DESCRIPTOR_KERNEL32 1001439c     kernel32:KERNEL32.dll
 0002:000043b0       __IMPORT_DESCRIPTOR_MSVCR100 100143b0     MSVCRT:MSVCR100.dll
 0002:000043c4       __NULL_IMPORT_DESCRIPTOR   100143c4     kernel32:KERNEL32.dll
 0003:00000000       ___native_dllmain_reason   10016000     MSVCRT:natstart.obj
 0003:00000004       ___native_vcclrit_reason   10016004     MSVCRT:natstart.obj
 0003:00000010       ___security_cookie         10016010     MSVCRT:gs_cookie.obj
 0003:00000014       ___security_cookie_complement 10016014     MSVCRT:gs_cookie.obj
 0003:00000064       ?__type_info_root_node@@3U__type_info_node@@A 10016064     MSVCRT:tncleanup.obj
 0003:00000398       ___native_startup_state    10016398     <common>
 0003:0000039c       ___native_startup_lock     1001639c     <common>
 0003:000003a0       ___onexitend               100163a0     <common>
 0003:000003a4       ___onexitbegin             100163a4     <common>
 0003:000003a8       ___dyn_tls_init_callback   100163a8     <common>

 entry point at        0001:0000e450

 Static symbols

 0001:00000270       _adler32_combine_          10001270 f    CIL library: CIL module
 0001:00000450       _crc32_little              10001450 f    CIL library: CIL module
 0001:00000710       _gf2_matrix_times          10001710 f    CIL library: CIL module
 0001:00000730       _gf2_matrix_square         10001730 f    CIL library: CIL module
 0001:00000760       _crc32_combine_            10001760 f    CIL library: CIL module
 0001:00000f00       _putShortMSB               10001f00 f    CIL library: CIL module
 0001:00000f30       _flush_pending             10001f30 f    CIL library: CIL module
 0001:00001a50       _read_buf                  10002a50 f    CIL library: CIL module
 0001:00001ac0       _lm_init                   10002ac0 f    CIL library: CIL module
 0001:00001b50       _longest_match             10002b50 f    CIL library: CIL module
 0001:00001cb0       _fill_window               10002cb0 f    CIL library: CIL module
 0001:00001e00       _deflate_stored            10002e00 f    CIL library: CIL module
 0001:00001f40       _deflate_fast              10002f40 f    CIL library: CIL module
 0001:00002220       _deflate_slow              10003220 f    CIL library: CIL module
 0001:000025e0       _deflate_rle               100035e0 f    CIL library: CIL module
 0001:00002850       _deflate_huff              10003850 f    CIL library: CIL module
 0001:000029b0       _gz_reset                  100039b0 f    CIL library: CIL module
 0001:000029f0       _gz_open                   100039f0 f    CIL library: CIL module
 0001:000030a0       _gz_load                   100040a0 f    CIL library: CIL module
 0001:00003110       _gz_avail                  10004110 f    CIL library: CIL module
 0001:00003150       _gz_next4                  10004150 f    CIL library: CIL module
 0001:00003230       _gz_head                   10004230 f    CIL library: CIL module
 0001:00003670       _gz_decomp                 10004670 f    CIL library: CIL module
 0001:00003810       _gz_make                   10004810 f    CIL library: CIL module
 0001:00003890       _gz_skip                   10004890 f    CIL library: CIL module
 0001:00003d40       _gz_init                   10004d40 f    CIL library: CIL module
 0001:00003e20       _gz_comp                   10004e20 f    CIL library: CIL module
 0001:00003f00       _gz_zero                   10004f00 f    CIL library: CIL module
 0001:000044c0       _fixedtables               100054c0 f    CIL library: CIL module
 0001:00005910       _fixedtables               10006910 f    CIL library: CIL module
 0001:00005930       _updatewindow              10006930 f    CIL library: CIL module
 0001:000070f0       _syncsearch                100080f0 f    CIL library: CIL module
 0001:000079a0       _fopen64_file_func         100089a0 f    CIL library: CIL module
 0001:000079f0       _fread_file_func           100089f0 f    CIL library: CIL module
 0001:00007a10       _fwrite_file_func          10008a10 f    CIL library: CIL module
 0001:00007a30       _ftell64_file_func         10008a30 f    CIL library: CIL module
 0001:00007a50       _fseek64_file_func         10008a50 f    CIL library: CIL module
 0001:00007aa0       _fclose_file_func          10008aa0 f    CIL library: CIL module
 0001:00007ac0       _ferror_file_func          10008ac0 f    CIL library: CIL module
 0001:00007b20       _win32_translate_open_mode 10008b20 f    CIL library: CIL module
 0001:00007b90       _win32_build_iowin         10008b90 f    CIL library: CIL module
 0001:00008010       _init_block                10009010 f    CIL library: CIL module
 0001:00008090       _pqdownheap                10009090 f    CIL library: CIL module
 0001:00008170       _gen_bitlen                10009170 f    CIL library: CIL module
 0001:00008370       _gen_codes                 10009370 f    CIL library: CIL module
 0001:000083d0       _build_tree                100093d0 f    CIL library: CIL module
 0001:000085d0       _scan_tree                 100095d0 f    CIL library: CIL module
 0001:000086b0       _send_tree                 100096b0 f    CIL library: CIL module
 0001:00008c30       _build_bl_tree             10009c30 f    CIL library: CIL module
 0001:00008d00       _send_all_trees            10009d00 f    CIL library: CIL module
 0001:000093e0       _compress_block            1000a3e0 f    CIL library: CIL module
 0001:000097f0       _detect_data_type          1000a7f0 f    CIL library: CIL module
 0001:00009860       _bi_reverse                1000a860 f    CIL library: CIL module
 0001:00009880       _bi_flush                  1000a880 f    CIL library: CIL module
 0001:00009900       _bi_windup                 1000a900 f    CIL library: CIL module
 0001:00009960       _copy_block                1000a960 f    CIL library: CIL module
 0001:00009a90       _unz64local_getShort       1000aa90 f    CIL library: CIL module
 0001:00009af0       _unz64local_getLong        1000aaf0 f    CIL library: CIL module
 0001:00009b80       _unz64local_getLong64      1000ab80 f    CIL library: CIL module
 0001:00009cc0       _strcmpcasenosensitive_internal 1000acc0 f    CIL library: CIL module
 0001:00009d60       _unz64local_SearchCentralDir64 1000ad60 f    CIL library: CIL module
 0001:00009ff0       _unzOpenInternal           1000aff0 f    CIL library: CIL module
 0001:0000a5a0       _unz64local_DosDateToTmuDate 1000b5a0 f    CIL library: CIL module
 0001:0000a620       _unz64local_GetCurrentFileInfoInternal 1000b620 f    CIL library: CIL module
 0001:0000b000       _unz64local_CheckCurrentFileCoherencyHeader 1000c000 f    CIL library: CIL module
 0001:0000ba50       _decrypt_byte              1000ca50 f    CIL library: CIL module
 0001:0000ba70       _update_keys               1000ca70 f    CIL library: CIL module
 0001:0000bab0       _init_keys                 1000cab0 f    CIL library: CIL module
 0001:0000baf0       _crypthead                 1000caf0 f    CIL library: CIL module
 0001:0000bc10       _allocate_new_datablock    1000cc10 f    CIL library: CIL module
 0001:0000bc40       _free_datablock            1000cc40 f    CIL library: CIL module
 0001:0000bc70       _init_linkedlist           1000cc70 f    CIL library: CIL module
 0001:0000bc80       _free_linkedlist           1000cc80 f    CIL library: CIL module
 0001:0000bca0       _add_data_in_datablock     1000cca0 f    CIL library: CIL module
 0001:0000bd50       _zip64local_putValue       1000cd50 f    CIL library: CIL module
 0001:0000bdb0       _zip64local_putValue_inmemory 1000cdb0 f    CIL library: CIL module
 0001:0000bdf0       _zip64local_TmzDateToDosDate 1000cdf0 f    CIL library: CIL module
 0001:0000be40       _unz64local_getByte        1000ce40 f    CIL library: CIL module
 0001:0000be40       _zip64local_getByte        1000ce40 f    CIL library: CIL module
 0001:0000be80       _zip64local_getShort       1000ce80 f    CIL library: CIL module
 0001:0000bee0       _zip64local_getLong        1000cee0 f    CIL library: CIL module
 0001:0000bf70       _zip64local_getLong64      1000cf70 f    CIL library: CIL module
 0001:0000c0b0       _unz64local_SearchCentralDir 1000d0b0 f    CIL library: CIL module
 0001:0000c0b0       _zip64local_SearchCentralDir 1000d0b0 f    CIL library: CIL module
 0001:0000c260       _zip64local_SearchCentralDir64 1000d260 f    CIL library: CIL module
 0001:0000d4c0       _zip64FlushWriteBuffer     1000e4c0 f    CIL library: CIL module
 0001:0000e0e2       _pre_c_init                1000f0e2 f   MSVCRT:crtdll.obj
 0001:0000e33a       ___DllMainCRTStartup       1000f33a f   MSVCRT:crtdll.obj
